// Jest Snapshot v1, https://goo.gl/fbAQLP

exports[`404 page test 1`] = `
<div>
  <h1>
    404! page not found
  </h1>
  <NavLink
    to="/"
  >
    Go to dashboard
  </NavLink>
</div>
`;
